吞吐量：用户线程时间执行时间
https://www.oracle.com/webfolder/technetwork/tutorials/obe/java/G1GettingStarted/index.html
2022-02-18T18:04:28.820+0800: 431.385: [GC pause (G1 Evacuation Pause) (young), 0.2581305 secs]
   [Parallel Time: 249.6 ms, GC Workers: 4]
      [GC Worker Start (ms): Min: 431385.3, Avg: 431385.3, Max: 431385.3, Diff: 0.0]
      [Ext Root Scanning (ms): Min: 7.0, Avg: 8.6, Max: 12.2, Diff: 5.2, Sum: 34.6]
      [Update RS (ms): Min: 1.3, Avg: 2.2, Max: 2.6, Diff: 1.3, Sum: 8.7]
         [Processed Buffers: Min: 6, Avg: 7.0, Max: 9, Diff: 3, Sum: 28]
      [Scan RS (ms): Min: 0.0, Avg: 0.1, Max: 0.1, Diff: 0.1, Sum: 0.3]
      [Code Root Scanning (ms): Min: 0.0, Avg: 4.1, Max: 5.5, Diff: 5.5, Sum: 16.3]
      [Object Copy (ms): Min: 230.4, Avg: 234.5, Max: 238.7, Diff: 8.3, Sum: 937.9]
      [Termination (ms): Min: 0.0, Avg: 0.0, Max: 0.0, Diff: 0.0, Sum: 0.0]
         [Termination Attempts: Min: 1, Avg: 1.0, Max: 1, Diff: 0, Sum: 4]
      [GC Worker Other (ms): Min: 0.0, Avg: 0.0, Max: 0.1, Diff: 0.0, Sum: 0.2]
      [GC Worker Total (ms): Min: 249.5, Avg: 249.5, Max: 249.5, Diff: 0.0, Sum: 998.0]
      [GC Worker End (ms): Min: 431634.8, Avg: 431634.8, Max: 431634.8, Diff: 0.0]
   [Code Root Fixup: 4.5 ms]
   [Code Root Purge: 0.0 ms]
   [Clear CT: 0.1 ms]
   [Other: 4.0 ms]
      [Choose CSet: 0.0 ms]
      [Ref Proc: 2.1 ms]
      [Ref Enq: 0.0 ms]
      [Redirty Cards: 0.4 ms]
      [Humongous Register: 0.2 ms]
      [Humongous Reclaim: 0.1 ms]
      [Free CSet: 0.5 ms]
   [Eden: 92.0M(92.0M)->0.0B(3674.0M) Survivors: 214.0M->12.0M Heap: 354.0M(6144.0M)->231.4M(6144.0M)]
  [Times: user=0.85 sys=0.10, real=0.26 secs] 